Archive member included to satisfy reference by file (symbol)

c:/program files (x86)/atmel/studio/7.0/toolchain/arm/arm-gnu-toolchain/bin/../lib/gcc/arm-none-eabi/6.3.1/../../../../arm-none-eabi/lib/thumb/v7e-m\libc_nano.a(lib_a-exit.o)
                              c:/program files (x86)/atmel/studio/7.0/toolchain/arm/arm-gnu-toolchain/bin/../lib/gcc/arm-none-eabi/6.3.1/../../../../arm-none-eabi/lib/thumb/v7e-m/crt0.o (exit)
c:/program files (x86)/atmel/studio/7.0/toolchain/arm/arm-gnu-toolchain/bin/../lib/gcc/arm-none-eabi/6.3.1/../../../../arm-none-eabi/lib/thumb/v7e-m\libc_nano.a(lib_a-impure.o)
                              c:/program files (x86)/atmel/studio/7.0/toolchain/arm/arm-gnu-toolchain/bin/../lib/gcc/arm-none-eabi/6.3.1/../../../../arm-none-eabi/lib/thumb/v7e-m\libc_nano.a(lib_a-exit.o) (_global_impure_ptr)
c:/program files (x86)/atmel/studio/7.0/toolchain/arm/arm-gnu-toolchain/bin/../lib/gcc/arm-none-eabi/6.3.1/../../../../arm-none-eabi/lib/thumb/v7e-m\libc_nano.a(lib_a-init.o)
                              c:/program files (x86)/atmel/studio/7.0/toolchain/arm/arm-gnu-toolchain/bin/../lib/gcc/arm-none-eabi/6.3.1/../../../../arm-none-eabi/lib/thumb/v7e-m/crt0.o (__libc_init_array)
c:/program files (x86)/atmel/studio/7.0/toolchain/arm/arm-gnu-toolchain/bin/../lib/gcc/arm-none-eabi/6.3.1/../../../../arm-none-eabi/lib/thumb/v7e-m\libc_nano.a(lib_a-memcpy-stub.o)
                              hpl/usb/hpl_usb.o (memcpy)
c:/program files (x86)/atmel/studio/7.0/toolchain/arm/arm-gnu-toolchain/bin/../lib/gcc/arm-none-eabi/6.3.1/../../../../arm-none-eabi/lib/thumb/v7e-m\libc_nano.a(lib_a-memset.o)
                              c:/program files (x86)/atmel/studio/7.0/toolchain/arm/arm-gnu-toolchain/bin/../lib/gcc/arm-none-eabi/6.3.1/../../../../arm-none-eabi/lib/thumb/v7e-m/crt0.o (memset)
c:/program files (x86)/atmel/studio/7.0/toolchain/arm/arm-gnu-toolchain/bin/../lib/gcc/arm-none-eabi/6.3.1/../../../../arm-none-eabi/lib/thumb/v7e-m\libc_nano.a(lib_a-printf.o)
                              hal/utils/src/utils_syscalls.o (printf)
c:/program files (x86)/atmel/studio/7.0/toolchain/arm/arm-gnu-toolchain/bin/../lib/gcc/arm-none-eabi/6.3.1/../../../../arm-none-eabi/lib/thumb/v7e-m\libc_nano.a(lib_a-findfp.o)
                              c:/program files (x86)/atmel/studio/7.0/toolchain/arm/arm-gnu-toolchain/bin/../lib/gcc/arm-none-eabi/6.3.1/../../../../arm-none-eabi/lib/thumb/v7e-m\libc_nano.a(lib_a-printf.o) (__sinit)
c:/program files (x86)/atmel/studio/7.0/toolchain/arm/arm-gnu-toolchain/bin/../lib/gcc/arm-none-eabi/6.3.1/../../../../arm-none-eabi/lib/thumb/v7e-m\libc_nano.a(lib_a-fwalk.o)
                              c:/program files (x86)/atmel/studio/7.0/toolchain/arm/arm-gnu-toolchain/bin/../lib/gcc/arm-none-eabi/6.3.1/../../../../arm-none-eabi/lib/thumb/v7e-m\libc_nano.a(lib_a-findfp.o) (_fwalk)
c:/program files (x86)/atmel/studio/7.0/toolchain/arm/arm-gnu-toolchain/bin/../lib/gcc/arm-none-eabi/6.3.1/../../../../arm-none-eabi/lib/thumb/v7e-m\libc_nano.a(lib_a-nano-mallocr.o)
                              c:/program files (x86)/atmel/studio/7.0/toolchain/arm/arm-gnu-toolchain/bin/../lib/gcc/arm-none-eabi/6.3.1/../../../../arm-none-eabi/lib/thumb/v7e-m\libc_nano.a(lib_a-findfp.o) (_malloc_r)
c:/program files (x86)/atmel/studio/7.0/toolchain/arm/arm-gnu-toolchain/bin/../lib/gcc/arm-none-eabi/6.3.1/../../../../arm-none-eabi/lib/thumb/v7e-m\libc_nano.a(lib_a-nano-vfprintf.o)
                              c:/program files (x86)/atmel/studio/7.0/toolchain/arm/arm-gnu-toolchain/bin/../lib/gcc/arm-none-eabi/6.3.1/../../../../arm-none-eabi/lib/thumb/v7e-m\libc_nano.a(lib_a-printf.o) (_vfprintf_r)
c:/program files (x86)/atmel/studio/7.0/toolchain/arm/arm-gnu-toolchain/bin/../lib/gcc/arm-none-eabi/6.3.1/../../../../arm-none-eabi/lib/thumb/v7e-m\libc_nano.a(lib_a-nano-vfprintf_i.o)
                              c:/program files (x86)/atmel/studio/7.0/toolchain/arm/arm-gnu-toolchain/bin/../lib/gcc/arm-none-eabi/6.3.1/../../../../arm-none-eabi/lib/thumb/v7e-m\libc_nano.a(lib_a-nano-vfprintf.o) (_printf_i)
c:/program files (x86)/atmel/studio/7.0/toolchain/arm/arm-gnu-toolchain/bin/../lib/gcc/arm-none-eabi/6.3.1/../../../../arm-none-eabi/lib/thumb/v7e-m\libc_nano.a(lib_a-sbrkr.o)
                              c:/program files (x86)/atmel/studio/7.0/toolchain/arm/arm-gnu-toolchain/bin/../lib/gcc/arm-none-eabi/6.3.1/../../../../arm-none-eabi/lib/thumb/v7e-m\libc_nano.a(lib_a-nano-mallocr.o) (_sbrk_r)
c:/program files (x86)/atmel/studio/7.0/toolchain/arm/arm-gnu-toolchain/bin/../lib/gcc/arm-none-eabi/6.3.1/../../../../arm-none-eabi/lib/thumb/v7e-m\libc_nano.a(lib_a-stdio.o)
                              c:/program files (x86)/atmel/studio/7.0/toolchain/arm/arm-gnu-toolchain/bin/../lib/gcc/arm-none-eabi/6.3.1/../../../../arm-none-eabi/lib/thumb/v7e-m\libc_nano.a(lib_a-findfp.o) (__sread)
[...]
Memory Configuration

Name             Origin             Length             Attributes
rom              0x00000000         0x00100000         xr
ram              0x20000000         0x00040000         xrw
bkupram          0x47000000         0x00002000         xrw
qspi             0x04000000         0x01000000         xrw
*default*        0x00000000         0xffffffff

Linker script and memory map

LOAD c:/program files (x86)/atmel/studio/7.0/toolchain/arm/arm-gnu-toolchain/bin/../lib/gcc/arm-none-eabi/6.3.1/thumb/v7e-m/crti.o
LOAD c:/program files (x86)/atmel/studio/7.0/toolchain/arm/arm-gnu-toolchain/bin/../lib/gcc/arm-none-eabi/6.3.1/thumb/v7e-m/crtbegin.o
LOAD c:/program files (x86)/atmel/studio/7.0/toolchain/arm/arm-gnu-toolchain/bin/../lib/gcc/arm-none-eabi/6.3.1/../../../../arm-none-eabi/lib/thumb/v7e-m/crt0.o
LOAD atmel_start.o
LOAD Device_Startup/startup_same54.o
LOAD Device_Startup/system_same54.o
LOAD driver_init.o
LOAD examples/driver_examples.o
LOAD hal/src/hal_atomic.o
LOAD hal/src/hal_cache.o
LOAD hal/src/hal_delay.o
LOAD hal/src/hal_gpio.o
LOAD hal/src/hal_init.o
LOAD hal/src/hal_io.o
LOAD hal/src/hal_sleep.o
LOAD hal/src/hal_usb_device.o
LOAD hal/utils/src/utils_assert.o
LOAD hal/utils/src/utils_event.o
LOAD hal/utils/src/utils_list.o
LOAD hal/utils/src/utils_syscalls.o
LOAD hpl/cmcc/hpl_cmcc.o
LOAD hpl/core/hpl_core_m4.o
LOAD hpl/core/hpl_init.o
LOAD hpl/dmac/hpl_dmac.o
LOAD hpl/gclk/hpl_gclk.o
LOAD hpl/mclk/hpl_mclk.o
LOAD hpl/osc32kctrl/hpl_osc32kctrl.o
LOAD hpl/oscctrl/hpl_oscctrl.o
LOAD hpl/pm/hpl_pm.o
LOAD hpl/ramecc/hpl_ramecc.o
LOAD hpl/usb/hpl_usb.o
LOAD usb/class/cdc/device/cdcdf_acm.o
LOAD usb/class/hid/device/hiddf_generic.o
LOAD usb/class/hid/device/hiddf_keyboard.o
LOAD usb/class/hid/device/hiddf_mouse.o
LOAD usb/class/msc/device/mscdf.o
LOAD usb/device/usbdc.o
LOAD usb/usb_protocol.o
LOAD usb_composite_main.o
LOAD usb_start.o
START GROUP
LOAD c:/program files (x86)/atmel/studio/7.0/toolchain/arm/arm-gnu-toolchain/bin/../lib/gcc/arm-none-eabi/6.3.1/../../../../arm-none-eabi/lib/thumb/v7e-m\libm.a
END GROUP
START GROUP
LOAD c:/program files (x86)/atmel/studio/7.0/toolchain/arm/arm-gnu-toolchain/bin/../lib/gcc/arm-none-eabi/6.3.1/thumb/v7e-m\libgcc.a
LOAD c:/program files (x86)/atmel/studio/7.0/toolchain/arm/arm-gnu-toolchain/bin/../lib/gcc/arm-none-eabi/6.3.1/../../../../arm-none-eabi/lib/thumb/v7e-m\libc_nano.a
END GROUP
START GROUP
LOAD c:/program files (x86)/atmel/studio/7.0/toolchain/arm/arm-gnu-toolchain/bin/../lib/gcc/arm-none-eabi/6.3.1/thumb/v7e-m\libgcc.a
LOAD c:/program files (x86)/atmel/studio/7.0/toolchain/arm/arm-gnu-toolchain/bin/../lib/gcc/arm-none-eabi/6.3.1/../../../../arm-none-eabi/lib/thumb/v7e-m\libc_nano.a
END GROUP
LOAD c:/program files (x86)/atmel/studio/7.0/toolchain/arm/arm-gnu-toolchain/bin/../lib/gcc/arm-none-eabi/6.3.1/thumb/v7e-m/crtend.o
LOAD c:/program files (x86)/atmel/studio/7.0/toolchain/arm/arm-gnu-toolchain/bin/../lib/gcc/arm-none-eabi/6.3.1/thumb/v7e-m/crtn.o
                0x00010000                STACK_SIZE = DEFINED (STACK_SIZE)?STACK_SIZE:DEFINED (__stack_size__)?__stack_size__:0x10000

.text           0x00000000     0x33e8
                0x00000000                . = ALIGN (0x4)
                0x00000000                _sfixed = .
 *(.vectors .vectors.*)
 .vectors       0x00000000      0x264 Device_Startup/startup_same54.o
                0x00000000                exception_table
 *(.text .text.* .gnu.linkonce.t.*)
 .text          0x00000264       0x6c c:/program files (x86)/atmel/studio/7.0/toolchain/arm/arm-gnu-toolchain/bin/../lib/gcc/arm-none-eabi/6.3.1/thumb/v7e-m/crtbegin.o
 .text.atmel_start_init
                0x000002d0       0x14 atmel_start.o
                0x000002d0                atmel_start_init
 .text.Dummy_Handler
                0x000002e4        0x2 Device_Startup/startup_same54.o
                0x000002e4                EIC_5_Handler
                0x000002e4                SVCall_Handler
                0x000002e4                SERCOM0_2_Handler
                0x000002e4                EIC_13_Handler
                0x000002e4                EVSYS_0_Handler
                0x000002e4                TCC1_3_Handler
                0x000002e4                DAC_3_Handler
                0x000002e4                TRNG_Handler
                0x000002e4                HardFault_Handler
                0x000002e4                TC2_Handler
                0x000002e4                PDEC_2_Handler
                0x000002e4                EIC_4_Handler
                0x000002e4                AC_Handler
                0x000002e4                SERCOM3_1_Handler
                0x000002e4                SysTick_Handler
                0x000002e4                TCC2_3_Handler
                0x000002e4                SERCOM3_2_Handler
                0x000002e4                PendSV_Handler
                0x000002e4                TC7_Handler
                0x000002e4                ADC1_1_Handler
                0x000002e4                EVSYS_3_Handler
                0x000002e4                PDEC_0_Handler
                0x000002e4                QSPI_Handler
                0x000002e4                NonMaskableInt_Handler
                0x000002e4                TCC0_0_Handler
                0x000002e4                EIC_3_Handler
                0x000002e4                MemManagement_Handler
                0x000002e4                DAC_2_Handler
                0x000002e4                SERCOM0_0_Handler
                0x000002e4                RTC_Handler
                0x000002e4                UsageFault_Handler
                0x000002e4                SERCOM4_0_Handler
                0x000002e4                EIC_10_Handler
                0x000002e4                SERCOM0_3_Handler
                0x000002e4                EIC_11_Handler
                0x000002e4                EIC_9_Handler
                0x000002e4                OSC32KCTRL_Handler
                0x000002e4                TCC2_1_Handler
                0x000002e4                SUPC_1_Handler
                0x000002e4                TCC0_5_Handler
                0x000002e4                TCC0_6_Handler
                0x000002e4                SERCOM6_2_Handler
                0x000002e4                EVSYS_1_Handler
                0x000002e4                TCC1_4_Handler
                0x000002e4                TC6_Handler
                0x000002e4                DMAC_0_Handler
                0x000002e4                WDT_Handler
                0x000002e4                CAN0_Handler
                0x000002e4                EIC_8_Handler
                0x000002e4                EIC_15_Handler
                0x000002e4                SERCOM6_0_Handler
                0x000002e4                SERCOM5_0_Handler
                0x000002e4                TC4_Handler
                0x000002e4                TC1_Handler
                0x000002e4                OSCCTRL_4_Handler
                0x000002e4                SERCOM4_3_Handler
                0x000002e4                EIC_12_Handler
                0x000002e4                DMAC_4_Handler
                0x000002e4                TCC4_2_Handler
                0x000002e4                PAC_Handler
                0x000002e4                TCC1_0_Handler
                0x000002e4                OSCCTRL_0_Handler
                0x000002e4                EIC_0_Handler
                0x000002e4                OSCCTRL_3_Handler
                0x000002e4                SERCOM4_1_Handler
                0x000002e4                TC3_Handler
                0x000002e4                Dummy_Handler
                0x000002e4                TCC3_0_Handler
                0x000002e4                TCC2_2_Handler
                0x000002e4                SERCOM5_1_Handler
                0x000002e4                TCC1_1_Handler
                0x000002e4                DMAC_2_Handler
                0x000002e4                ADC0_0_Handler
                0x000002e4                SERCOM0_1_Handler
                0x000002e4                OSCCTRL_2_Handler
                0x000002e4                ADC1_0_Handler
                0x000002e4                TCC1_2_Handler
                0x000002e4                SERCOM7_1_Handler
                0x000002e4                PM_Handler
                0x000002e4                SERCOM6_3_Handler
                0x000002e4                SERCOM2_3_Handler
                0x000002e4                DAC_4_Handler
                0x000002e4                TCC3_2_Handler
                0x000002e4                SERCOM7_0_Handler
                0x000002e4                TCC0_2_Handler
                0x000002e4                DMAC_1_Handler
                0x000002e4                TCC4_0_Handler
                0x000002e4                SERCOM7_3_Handler
                0x000002e4                GMAC_Handler
                0x000002e4                SDHC1_Handler
                0x000002e4                SERCOM7_2_Handler
                0x000002e4                CAN1_Handler
                0x000002e4                TCC2_0_Handler
                0x000002e4                PDEC_1_Handler
                0x000002e4                TCC4_1_Handler
                0x000002e4                SERCOM5_3_Handler
                0x000002e4                SERCOM6_1_Handler
                0x000002e4                SDHC0_Handler
                0x000002e4                SERCOM1_1_Handler
                0x000002e4                I2S_Handler
                0x000002e4                EIC_2_Handler
                0x000002e4                PCC_Handler
                0x000002e4                DAC_0_Handler
                0x000002e4                TCC0_1_Handler
                0x000002e4                SERCOM1_3_Handler
                0x000002e4                EIC_6_Handler
                0x000002e4                OSCCTRL_1_Handler
                0x000002e4                SERCOM1_0_Handler
                0x000002e4                PUKCC_Handler
                0x000002e4                SERCOM2_1_Handler
                0x000002e4                SERCOM1_2_Handler
                0x000002e4                SERCOM3_0_Handler
                0x000002e4                EIC_1_Handler
                0x000002e4                SERCOM4_2_Handler
                0x000002e4                EVSYS_4_Handler
                0x000002e4                EIC_7_Handler
                0x000002e4                NVMCTRL_1_Handler
                0x000002e4                SERCOM5_2_Handler
                0x000002e4                SERCOM3_3_Handler
                0x000002e4                ADC0_1_Handler
                0x000002e4                SERCOM2_2_Handler
                0x000002e4                TCC3_1_Handler
                0x000002e4                EIC_14_Handler
                0x000002e4                DAC_1_Handler
                0x000002e4                NVMCTRL_0_Handler
                0x000002e4                MCLK_Handler
                0x000002e4                EVSYS_2_Handler
                0x000002e4                SUPC_0_Handler
                0x000002e4                BusFault_Handler
                0x000002e4                FREQM_Handler
                0x000002e4                TC0_Handler
                0x000002e4                TCC0_3_Handler
                0x000002e4                DMAC_3_Handler
                0x000002e4                DebugMonitor_Handler
                0x000002e4                TCC0_4_Handler
                0x000002e4                TC5_Handler
                0x000002e4                SERCOM2_0_Handler
                0x000002e4                AES_Handler
                0x000002e4                ICM_Handler
 *fill*         0x000002e6        0x2 
 .text.Reset_Handler
                0x000002e8       0x98 Device_Startup/startup_same54.o
                0x000002e8                Reset_Handler
 .text.USB_DEVICE_INSTANCE_PORT_init
                0x00000380       0x88 driver_init.o
                0x00000380                USB_DEVICE_INSTANCE_PORT_init
 .text.USB_DEVICE_INSTANCE_CLOCK_init
                0x00000408       0x24 driver_init.o
                0x00000408                USB_DEVICE_INSTANCE_CLOCK_init
 .text.USB_DEVICE_INSTANCE_init
                0x0000042c       0x1c driver_init.o
                0x0000042c                USB_DEVICE_INSTANCE_init
 .text.system_init
                0x00000448       0xac driver_init.o
                0x00000448                system_init
 .text.atomic_enter_critical
                0x000004f4        0xe hal/src/hal_atomic.o
                0x000004f4                atomic_enter_critical
 .text.atomic_leave_critical
                0x00000502        0xc hal/src/hal_atomic.o
                0x00000502                atomic_leave_critical
 *fill*         0x0000050e        0x2 
 .text._usb_d_find_ep
                0x00000510       0x44 hal/src/hal_usb_device.o
 .text.usb_d_dummy_cb_false
                0x00000554        0x4 hal/src/hal_usb_device.o
 .text.usb_d_cb_trans_more
                0x00000558       0x34 hal/src/hal_usb_device.o
 .text._usb_d_cb_trans_done
                0x0000058c      0x150 hal/src/hal_usb_device.o
 .text.usb_d_cb_trans_setup
                0x000006dc       0x88 hal/src/hal_usb_device.o
 .text.usb_d_init
                0x00000764       0x68 hal/src/hal_usb_device.o
                0x00000764                usb_d_init
 .text.usb_d_register_callback
                0x000007cc        0xc hal/src/hal_usb_device.o
                0x000007cc                usb_d_register_callback
 .text.usb_d_enable
                0x000007d8        0xc hal/src/hal_usb_device.o
                0x000007d8                usb_d_enable
 .text.usb_d_attach
                0x000007e4        0xc hal/src/hal_usb_device.o
                0x000007e4                usb_d_attach
 .text.usb_d_set_address
                0x000007f0        0xc hal/src/hal_usb_device.o
                0x000007f0                usb_d_set_address
 .text.usb_d_ep_init
                0x000007fc       0x54 hal/src/hal_usb_device.o
                0x000007fc                usb_d_ep_init
 .text.usb_d_ep0_init
                0x00000850       0x14 hal/src/hal_usb_device.o
                0x00000850                usb_d_ep0_init
 .text.usb_d_ep_deinit
                0x00000864       0x2c hal/src/hal_usb_device.o
                0x00000864                usb_d_ep_deinit
 .text.usb_d_ep_enable
                0x00000890       0x4c hal/src/hal_usb_device.o
                0x00000890                usb_d_ep_enable
 .text.usb_d_ep_transfer
                0x000008dc      0x120 hal/src/hal_usb_device.o
                0x000008dc                usb_d_ep_transfer
 .text.usb_d_ep_halt
                0x000009fc       0x68 hal/src/hal_usb_device.o
                0x000009fc                usb_d_ep_halt
 .text.usb_d_ep_register_callback
                0x00000a64       0x4c hal/src/hal_usb_device.o
                0x00000a64                usb_d_ep_register_callback
 .text.assert   0x00000ab0        0x6 hal/utils/src/utils_assert.o
                0x00000ab0                assert
 .text.is_list_element
                0x00000ab6       0x20 hal/utils/src/utils_list.o
                0x00000ab6                is_list_element
 *fill*         0x00000ad6        0x2 
 .text.list_insert_at_end
                0x00000ad8       0x40 hal/utils/src/utils_list.o
                0x00000ad8                list_insert_at_end
 .text._init_chip
                0x00000b18       0x3c hpl/core/hpl_init.o
                0x00000b18                _init_chip
 .text._gclk_init_generators_by_fref
                0x00000b54       0x5c hpl/gclk/hpl_gclk.o
                0x00000b54                _gclk_init_generators_by_fref
 .text._mclk_init
                0x00000bb0        0xc hpl/mclk/hpl_mclk.o
                0x00000bb0                _mclk_init
 .text._osc32kctrl_init_sources
                0x00000bbc       0x20 hpl/osc32kctrl/hpl_osc32kctrl.o
                0x00000bbc                _osc32kctrl_init_sources
 .text._oscctrl_init_sources
                0x00000bdc       0x1c hpl/oscctrl/hpl_oscctrl.o
                0x00000bdc                _oscctrl_init_sources
 .text._oscctrl_init_referenced_generators
                0x00000bf8       0xe8 hpl/oscctrl/hpl_oscctrl.o
                0x00000bf8                _oscctrl_init_referenced_generators
 .text.RAMECC_Handler
                0x00000ce0       0x44 hpl/ramecc/hpl_ramecc.o
                0x00000ce0                RAMECC_Handler
 .text._dummy_func_no_return
                0x00000d24        0x4 hpl/usb/hpl_usb.o
 .text._usb_d_dev_handle_setup
                0x00000d28       0x80 hpl/usb/hpl_usb.o
 .text._usb_d_dev_handle_stall
                0x00000da8       0x30 hpl/usb/hpl_usb.o
 .text._usb_d_dev_trans_done
                0x00000dd8       0x2c hpl/usb/hpl_usb.o
 .text._usb_d_dev_trans_stop
                0x00000e04       0x6c hpl/usb/hpl_usb.o
 .text._usb_d_dev_handle_trfail
                0x00000e70      0x100 hpl/usb/hpl_usb.o
 .text._usb_d_dev_reset_epts
                0x00000f70       0x44 hpl/usb/hpl_usb.o
 .text._usb_d_dev_in_next
                0x00000fb4      0x184 hpl/usb/hpl_usb.o
 .text._usb_d_dev_out_next
                0x00001138      0x1f0 hpl/usb/hpl_usb.o
 .text._usb_d_dev_handler
                0x00001328      0x28c hpl/usb/hpl_usb.o
 .text._usb_d_dev_init
                0x000015b4      0x108 hpl/usb/hpl_usb.o
                0x000015b4                _usb_d_dev_init
 .text._usb_d_dev_enable
                0x000016bc       0x6c hpl/usb/hpl_usb.o
                0x000016bc                _usb_d_dev_enable
 .text._usb_d_dev_attach
                0x00001728       0x12 hpl/usb/hpl_usb.o
                0x00001728                _usb_d_dev_attach
 .text._usb_d_dev_set_address
                0x0000173a        0xc hpl/usb/hpl_usb.o
                0x0000173a                _usb_d_dev_set_address
 *fill*         0x00001746        0x2 
 .text._usb_d_dev_ep_init
                0x00001748      0x118 hpl/usb/hpl_usb.o
                0x00001748                _usb_d_dev_ep_init
 .text._usb_d_dev_ep_deinit
                0x00001860       0xc4 hpl/usb/hpl_usb.o
                0x00001860                _usb_d_dev_ep_deinit
 .text._usb_d_dev_ep_enable
                0x00001924      0x2b8 hpl/usb/hpl_usb.o
                0x00001924                _usb_d_dev_ep_enable
 .text._usb_d_dev_ep_stall
                0x00001bdc      0x148 hpl/usb/hpl_usb.o
                0x00001bdc                _usb_d_dev_ep_stall
 .text._usb_d_dev_ep_read_req
                0x00001d24       0x60 hpl/usb/hpl_usb.o
                0x00001d24                _usb_d_dev_ep_read_req
 .text._usb_d_dev_ep_trans
                0x00001d84      0x1e0 hpl/usb/hpl_usb.o
                0x00001d84                _usb_d_dev_ep_trans
 .text._usb_d_dev_register_callback
                0x00001f64       0x28 hpl/usb/hpl_usb.o
                0x00001f64                _usb_d_dev_register_callback
 .text._usb_d_dev_register_ep_callback
                0x00001f8c       0x34 hpl/usb/hpl_usb.o
                0x00001f8c                _usb_d_dev_register_ep_callback
 .text.USB_0_Handler
                0x00001fc0        0xc hpl/usb/hpl_usb.o
                0x00001fc0                USB_0_Handler
 .text.USB_1_Handler
                0x00001fcc        0xc hpl/usb/hpl_usb.o
                0x00001fcc                USB_1_Handler
 .text.USB_2_Handler
                0x00001fd8        0xc hpl/usb/hpl_usb.o
                0x00001fd8                USB_2_Handler
 .text.USB_3_Handler
                0x00001fe4        0xc hpl/usb/hpl_usb.o
                0x00001fe4                USB_3_Handler
 .text.cdcdf_acm_req
                0x00001ff0       0xf8 usb/class/cdc/device/cdcdf_acm.o
 .text.cdcdf_acm_ctrl
                0x000020e8      0x168 usb/class/cdc/device/cdcdf_acm.o
 .text.cdcdf_acm_init
                0x00002250       0x44 usb/class/cdc/device/cdcdf_acm.o
                0x00002250                cdcdf_acm_init
 .text.cdcdf_acm_read
                0x00002294       0x28 usb/class/cdc/device/cdcdf_acm.o
                0x00002294                cdcdf_acm_read
 .text.cdcdf_acm_write
                0x000022bc       0x28 usb/class/cdc/device/cdcdf_acm.o
                0x000022bc                cdcdf_acm_write
 .text.cdcdf_acm_register_callback
                0x000022e4       0x4c usb/class/cdc/device/cdcdf_acm.o
                0x000022e4                cdcdf_acm_register_callback
 .text.hid_keyboard_req
                0x00002330       0xac usb/class/hid/device/hiddf_keyboard.o
 .text.hid_keyboard_ctrl
                0x000023dc      0x128 usb/class/hid/device/hiddf_keyboard.o
 .text.hiddf_keyboard_init
                0x00002504       0x44 usb/class/hid/device/hiddf_keyboard.o
                0x00002504                hiddf_keyboard_init
 .text.hiddf_keyboard_keys_state_change
                0x00002548       0xa4 usb/class/hid/device/hiddf_keyboard.o
                0x00002548                hiddf_keyboard_keys_state_change
 .text.hid_mouse_req
                0x000025ec       0xac usb/class/hid/device/hiddf_mouse.o
 .text.hid_mouse_ctrl
                0x00002698      0x100 usb/class/hid/device/hiddf_mouse.o
 .text.hiddf_mouse_init
                0x00002798       0x44 usb/class/hid/device/hiddf_mouse.o
                0x00002798                hiddf_mouse_init
 .text.hiddf_mouse_move
                0x000027dc       0x40 usb/class/hid/device/hiddf_mouse.o
                0x000027dc                hiddf_mouse_move
 .text.usbdc_unconfig
                0x0000281c       0x24 usb/device/usbdc.o
 .text.usbdc_change_notify
                0x00002840       0x28 usb/device/usbdc.o
 .text.usbdc_request_handler
                0x00002868       0x40 usb/device/usbdc.o
 .text.usbd_sof_cb
                0x000028a8       0x20 usb/device/usbdc.o
 .text.usbdc_cb_ctl_done
                0x000028c8       0x74 usb/device/usbdc.o
 .text.usbdc_reset
                0x0000293c       0x58 usb/device/usbdc.o
                0x0000293c                usbdc_reset
 .text.usbd_event_cb
                0x00002994       0x20 usb/device/usbdc.o
 .text.usbdc_xfer
                0x000029b4       0x20 usb/device/usbdc.o
                0x000029b4                usbdc_xfer
 .text.usbdc_cb_ctl_req
                0x000029d4      0x41c usb/device/usbdc.o
 .text.usbdc_register_handler
                0x00002df0       0x38 usb/device/usbdc.o
                0x00002df0                usbdc_register_handler
 .text.usbdc_init
                0x00002e28       0x5c usb/device/usbdc.o
                0x00002e28                usbdc_init
 .text.usbdc_register_function
                0x00002e84       0x14 usb/device/usbdc.o
                0x00002e84                usbdc_register_function
 .text.usbdc_start
                0x00002e98       0x34 usb/device/usbdc.o
                0x00002e98                usbdc_start
 .text.usbdc_attach
                0x00002ecc        0xc usb/device/usbdc.o
                0x00002ecc                usbdc_attach
 .text.usbdc_get_ctrl_buffer
                0x00002ed8        0xc usb/device/usbdc.o
                0x00002ed8                usbdc_get_ctrl_buffer
 .text.usbdc_get_state
                0x00002ee4       0x14 usb/device/usbdc.o
                0x00002ee4                usbdc_get_state
 .text.usb_find_desc
                0x00002ef8       0x3a usb/usb_protocol.o
                0x00002ef8                usb_find_desc
 .text.usb_find_ep_desc
                0x00002f32       0x46 usb/usb_protocol.o
                0x00002f32                usb_find_ep_desc
 .text.usb_find_cfg_desc
                0x00002f78       0x68 usb/usb_protocol.o
                0x00002f78                usb_find_cfg_desc
 .text.usb_find_str_desc
                0x00002fe0       0x48 usb/usb_protocol.o
                0x00002fe0                usb_find_str_desc
 .text.main     0x00003028       0x30 usb_composite_main.o
                0x00003028                main
 .text.cdcdf_demo_cb_state_c
                0x00003058       0x44 usb_start.o
 .text.cdcdf_demo_cb_bulk_in
                0x0000309c       0x1c usb_start.o
 .text.cdcdf_demo_cb_bulk_out
                0x000030b8       0x18 usb_start.o
 .text.hiddf_demo_sof_event
                0x000030d0      0x108 usb_start.o
 .text.cdcdf_acm_demo_init
                0x000031d8       0x1c usb_start.o
                0x000031d8                cdcdf_acm_demo_init
 .text.hiddf_demo_init
                0x000031f4       0x20 usb_start.o
                0x000031f4                hiddf_demo_init
 .text.composite_device_init
                0x00003214       0x2c usb_start.o
                0x00003214                composite_device_init
 .text.composite_device_start
                0x00003240       0x1c usb_start.o
                0x00003240                composite_device_start
 .text.usb_init
                0x0000325c        0xc usb_start.o
                0x0000325c                usb_init
 .text.__libc_init_array
                0x00003268       0x48 c:/program files (x86)/atmel/studio/7.0/toolchain/arm/arm-gnu-toolchain/bin/../lib/gcc/arm-none-eabi/6.3.1/../../../../arm-none-eabi/lib/thumb/v7e-m\libc_nano.a(lib_a-init.o)
                0x00003268                __libc_init_array
 .text.memcpy   0x000032b0       0x16 c:/program files (x86)/atmel/studio/7.0/toolchain/arm/arm-gnu-toolchain/bin/../lib/gcc/arm-none-eabi/6.3.1/../../../../arm-none-eabi/lib/thumb/v7e-m\libc_nano.a(lib_a-memcpy-stub.o)
                0x000032b0                memcpy
 .text.memset   0x000032c6       0x10 c:/program files (x86)/atmel/studio/7.0/toolchain/arm/arm-gnu-toolchain/bin/../lib/gcc/arm-none-eabi/6.3.1/../../../../arm-none-eabi/lib/thumb/v7e-m\libc_nano.a(lib_a-memset.o)
                0x000032c6                memset
 *(.glue_7t)
 .glue_7t       0x000032d6        0x0 linker stubs
 *(.glue_7)
 .glue_7        0x000032d6        0x0 linker stubs
 *(.rodata .rodata* .gnu.linkonce.r.*)
 *fill*         0x000032d6        0x2 
 .rodata.str1.4
                0x000032d8       0x1e hal/utils/src/utils_list.o
 *fill*         0x000032f6        0x2 
 .rodata        0x000032f8       0x48 hpl/usb/hpl_usb.o
 .rodata        0x00003340       0x3b usb/class/hid/device/hiddf_keyboard.o
                0x00003340                keyboard_report_desc
 *fill*         0x0000337b        0x1 
 .rodata        0x0000337c       0x34 usb/class/hid/device/hiddf_mouse.o
                0x0000337c                mouse_report_desc
 .rodata.str1.4
                0x000033b0       0x18 usb/device/usbdc.o
                                 0x16 (size before relaxing)
 *(.ARM.extab* .gnu.linkonce.armextab.*)
                0x000033c8                . = ALIGN (0x4)
 *(.init)
 .init          0x000033c8        0x4 c:/program files (x86)/atmel/studio/7.0/toolchain/arm/arm-gnu-toolchain/bin/../lib/gcc/arm-none-eabi/6.3.1/thumb/v7e-m/crti.o
                0x000033c8                _init
 .init          0x000033cc        0x8 c:/program files (x86)/atmel/studio/7.0/toolchain/arm/arm-gnu-toolchain/bin/../lib/gcc/arm-none-eabi/6.3.1/thumb/v7e-m/crtn.o
                0x000033d4                . = ALIGN (0x4)
                0x000033d4                __preinit_array_start = .
 *(.preinit_array)
                0x000033d4                __preinit_array_end = .
                0x000033d4                . = ALIGN (0x4)
                0x000033d4                __init_array_start = .
 *(SORT(.init_array.*))
 *(.init_array)
 .init_array    0x000033d4        0x4 c:/program files (x86)/atmel/studio/7.0/toolchain/arm/arm-gnu-toolchain/bin/../lib/gcc/arm-none-eabi/6.3.1/thumb/v7e-m/crtbegin.o
                0x000033d8                __init_array_end = .
                0x000033d8                . = ALIGN (0x4)
 *crtbegin.o(.ctors)
 *(EXCLUDE_FILE(*crtend.o) .ctors)
 *(SORT(.ctors.*))
 *crtend.o(.ctors)
                0x000033d8                . = ALIGN (0x4)
 *(.fini)
 .fini          0x000033d8        0x4 c:/program files (x86)/atmel/studio/7.0/toolchain/arm/arm-gnu-toolchain/bin/../lib/gcc/arm-none-eabi/6.3.1/thumb/v7e-m/crti.o
                0x000033d8                _fini
 .fini          0x000033dc        0x8 c:/program files (x86)/atmel/studio/7.0/toolchain/arm/arm-gnu-toolchain/bin/../lib/gcc/arm-none-eabi/6.3.1/thumb/v7e-m/crtn.o
                0x000033e4                . = ALIGN (0x4)
                0x000033e4                __fini_array_start = .
 *(.fini_array)
 .fini_array    0x000033e4        0x4 c:/program files (x86)/atmel/studio/7.0/toolchain/arm/arm-gnu-toolchain/bin/../lib/gcc/arm-none-eabi/6.3.1/thumb/v7e-m/crtbegin.o
 *(SORT(.fini_array.*))
                0x000033e8                __fini_array_end = .
 *crtbegin.o(.dtors)
 *(EXCLUDE_FILE(*crtend.o) .dtors)
 *(SORT(.dtors.*))
 *crtend.o(.dtors)
                0x000033e8                . = ALIGN (0x4)
                0x000033e8                _efixed = .
                [!provide]                PROVIDE (__exidx_start, .)

.vfp11_veneer   0x000033e8        0x0
 .vfp11_veneer  0x000033e8        0x0 linker stubs

.v4_bx          0x000033e8        0x0
 .v4_bx         0x000033e8        0x0 linker stubs

.iplt           0x000033e8        0x0
 .iplt          0x000033e8        0x0 c:/program files (x86)/atmel/studio/7.0/toolchain/arm/arm-gnu-toolchain/bin/../lib/gcc/arm-none-eabi/6.3.1/thumb/v7e-m/crtbegin.o

.eh_frame       0x000033e8        0x0
 .eh_frame      0x000033e8        0x0 c:/program files (x86)/atmel/studio/7.0/toolchain/arm/arm-gnu-toolchain/bin/../lib/gcc/arm-none-eabi/6.3.1/thumb/v7e-m/crtbegin.o

.rel.dyn        0x000033e8        0x0
 .rel.iplt      0x000033e8        0x0 c:/program files (x86)/atmel/studio/7.0/toolchain/arm/arm-gnu-toolchain/bin/../lib/gcc/arm-none-eabi/6.3.1/thumb/v7e-m/crtbegin.o

.jcr            0x000033e8        0x0
 .jcr           0x000033e8        0x0 c:/program files (x86)/atmel/studio/7.0/toolchain/arm/arm-gnu-toolchain/bin/../lib/gcc/arm-none-eabi/6.3.1/thumb/v7e-m/crtbegin.o

.igot.plt       0x000033e8        0x0
 .igot.plt      0x000033e8        0x0 c:/program files (x86)/atmel/studio/7.0/toolchain/arm/arm-gnu-toolchain/bin/../lib/gcc/arm-none-eabi/6.3.1/thumb/v7e-m/crtbegin.o

.ARM.exidx
 *(.ARM.exidx* .gnu.linkonce.armexidx.*)
                [!provide]                PROVIDE (__exidx_end, .)
                0x000033e8                . = ALIGN (0x4)
                0x000033e8                _etext = .

.relocate       0x20000000       0xc4 load address 0x000033e8
                0x20000000                . = ALIGN (0x4)
                0x20000000                _srelocate = .
 *(.ramfunc .ramfunc.*)
 *(.data .data.*)
 .data          0x20000000        0x8 usb/class/cdc/device/cdcdf_acm.o
 .data          0x20000008        0x8 usb/class/hid/device/hiddf_keyboard.o
 .data          0x20000010        0x8 usb/class/hid/device/hiddf_mouse.o
 .data          0x20000018       0xaa usb_start.o
                0x200000c4                . = ALIGN (0x4)
 *fill*         0x200000c2        0x2 
                0x200000c4                _erelocate = .

.bkupram        0x47000000        0x0
                0x47000000                . = ALIGN (0x8)
                0x47000000                _sbkupram = .
 *(.bkupram .bkupram.*)
                0x47000000                . = ALIGN (0x8)
                0x47000000                _ebkupram = .

.qspi           0x04000000        0x0
                0x04000000                . = ALIGN (0x8)
                0x04000000                _sqspi = .
 *(.qspi .qspi.*)
                0x04000000                . = ALIGN (0x8)
                0x04000000                _eqspi = .

.bss            0x200000c4      0x658 load address 0x000034ac
                0x200000c4                . = ALIGN (0x4)
                0x200000c4                _sbss = .
                0x200000c4                _szero = .
 *(.bss .bss.*)
 .bss           0x200000c4       0x1c c:/program files (x86)/atmel/studio/7.0/toolchain/arm/arm-gnu-toolchain/bin/../lib/gcc/arm-none-eabi/6.3.1/thumb/v7e-m/crtbegin.o
 .bss           0x200000e0      0x1a0 hal/src/hal_usb_device.o
 .bss           0x20000280      0x378 hpl/usb/hpl_usb.o
 .bss           0x200005f8       0x24 usb/class/cdc/device/cdcdf_acm.o
 .bss           0x2000061c       0x20 usb/class/hid/device/hiddf_keyboard.o
 .bss           0x2000063c       0x18 usb/class/hid/device/hiddf_mouse.o
 .bss           0x20000654       0x20 usb/device/usbdc.o
 .bss           0x20000674       0x40 usb_composite_main.o
 .bss           0x200006b4       0x58 usb_start.o
 *(COMMON)
 COMMON         0x2000070c       0x10 hpl/ramecc/hpl_ramecc.o
                0x2000070c                device
                0x2000071c                . = ALIGN (0x4)
                0x2000071c                _ebss = .
                0x2000071c                _ezero = .

.stack          0x2000071c    0x10004 load address 0x00003b04
                0x20000720                . = ALIGN (0x8)
 *fill*         0x2000071c        0x4 
                0x20000720                _sstack = .
                0x20010720                . = (. + STACK_SIZE)
 *fill*         0x20000720    0x10000 
                0x20010720                . = ALIGN (0x8)
                0x20010720                _estack = .
                0x20010720                . = ALIGN (0x4)
                0x20010720                _end = .
OUTPUT(E54_USB_COMPOSITE_EXAMPLE.elf elf32-littlearm)

.ARM.attributes
                0x00000000       0x2e
 .ARM.attributes
                0x00000000       0x1e c:/program files (x86)/atmel/studio/7.0/toolchain/arm/arm-gnu-toolchain/bin/../lib/gcc/arm-none-eabi/6.3.1/thumb/v7e-m/crti.o
 .ARM.attributes
                0x0000001e       0x2e c:/program files (x86)/atmel/studio/7.0/toolchain/arm/arm-gnu-toolchain/bin/../lib/gcc/arm-none-eabi/6.3.1/thumb/v7e-m/crtbegin.o
 .ARM.attributes
                0x0000004c       0x37 atmel_start.o
 .ARM.attributes
                0x00000083       0x37 Device_Startup/startup_same54.o
 .ARM.attributes
                0x000000ba       0x37 driver_init.o
 .ARM.attributes
                0x000000f1       0x37 hal/src/hal_atomic.o
 .ARM.attributes
                0x00000128       0x37 hal/src/hal_usb_device.o
 .ARM.attributes
                0x0000015f       0x37 hal/utils/src/utils_assert.o
 .ARM.attributes
                0x00000196       0x37 hal/utils/src/utils_list.o
 .ARM.attributes
                0x000001cd       0x37 hpl/core/hpl_init.o
 .ARM.attributes
                0x00000204       0x37 hpl/gclk/hpl_gclk.o
 .ARM.attributes
                0x0000023b       0x37 hpl/mclk/hpl_mclk.o
 .ARM.attributes
                0x00000272       0x37 hpl/osc32kctrl/hpl_osc32kctrl.o
 .ARM.attributes
                0x000002a9       0x37 hpl/oscctrl/hpl_oscctrl.o
 .ARM.attributes
                0x000002e0       0x37 hpl/ramecc/hpl_ramecc.o
 .ARM.attributes
                0x00000317       0x37 hpl/usb/hpl_usb.o
 .ARM.attributes
                0x0000034e       0x37 usb/class/cdc/device/cdcdf_acm.o
 .ARM.attributes
                0x00000385       0x37 usb/class/hid/device/hiddf_keyboard.o
 .ARM.attributes
                0x000003bc       0x37 usb/class/hid/device/hiddf_mouse.o
 .ARM.attributes
                0x000003f3       0x37 usb/device/usbdc.o
 .ARM.attributes
                0x0000042a       0x37 usb/usb_protocol.o
 .ARM.attributes
                0x00000461       0x37 usb_composite_main.o
 .ARM.attributes
                0x00000498       0x37 usb_start.o
 .ARM.attributes
                0x000004cf       0x2e c:/program files (x86)/atmel/studio/7.0/toolchain/arm/arm-gnu-toolchain/bin/../lib/gcc/arm-none-eabi/6.3.1/../../../../arm-none-eabi/lib/thumb/v7e-m\libc_nano.a(lib_a-init.o)
 .ARM.attributes
                0x000004fd       0x2e c:/program files (x86)/atmel/studio/7.0/toolchain/arm/arm-gnu-toolchain/bin/../lib/gcc/arm-none-eabi/6.3.1/../../../../arm-none-eabi/lib/thumb/v7e-m\libc_nano.a(lib_a-memcpy-stub.o)
 .ARM.attributes
                0x0000052b       0x2e c:/program files (x86)/atmel/studio/7.0/toolchain/arm/arm-gnu-toolchain/bin/../lib/gcc/arm-none-eabi/6.3.1/../../../../arm-none-eabi/lib/thumb/v7e-m\libc_nano.a(lib_a-memset.o)
 .ARM.attributes
                0x00000559       0x1e c:/program files (x86)/atmel/studio/7.0/toolchain/arm/arm-gnu-toolchain/bin/../lib/gcc/arm-none-eabi/6.3.1/thumb/v7e-m/crtn.o

.comment        0x00000000       0x59
 .comment       0x00000000       0x59 atmel_start.o
                                 0x5a (size before relaxing)
 .comment       0x00000059       0x5a Device_Startup/startup_same54.o
 .comment       0x00000059       0x5a driver_init.o
 .comment       0x00000059       0x5a hal/src/hal_atomic.o
 .comment       0x00000059       0x5a hal/src/hal_usb_device.o
 .comment       0x00000059       0x5a hal/utils/src/utils_assert.o
 .comment       0x00000059       0x5a hal/utils/src/utils_list.o
 .comment       0x00000059       0x5a hpl/core/hpl_init.o
 .comment       0x00000059       0x5a hpl/gclk/hpl_gclk.o
 .comment       0x00000059       0x5a hpl/mclk/hpl_mclk.o
 .comment       0x00000059       0x5a hpl/osc32kctrl/hpl_osc32kctrl.o
 .comment       0x00000059       0x5a hpl/oscctrl/hpl_oscctrl.o
 .comment       0x00000059       0x5a hpl/ramecc/hpl_ramecc.o
 .comment       0x00000059       0x5a hpl/usb/hpl_usb.o
 .comment       0x00000059       0x5a usb/class/cdc/device/cdcdf_acm.o
 .comment       0x00000059       0x5a usb/class/hid/device/hiddf_keyboard.o
 .comment       0x00000059       0x5a usb/class/hid/device/hiddf_mouse.o
 .comment       0x00000059       0x5a usb/device/usbdc.o
 .comment       0x00000059       0x5a usb/usb_protocol.o
 .comment       0x00000059       0x5a usb_composite_main.o
 .comment       0x00000059       0x5a usb_start.o

.debug_info     0x00000000    0x1d633
 .debug_info    0x00000000      0xa17 atmel_start.o
 .debug_info    0x00000a17      0xd7d Device_Startup/startup_same54.o
 .debug_info    0x00001794     0x26e3 driver_init.o
 .debug_info    0x00003e77      0x1fa hal/src/hal_atomic.o
 .debug_info    0x00004071     0x1e1c hal/src/hal_usb_device.o
 .debug_info    0x00005e8d      0x130 hal/utils/src/utils_assert.o
 .debug_info    0x00005fbd      0x33a hal/utils/src/utils_list.o
 .debug_info    0x000062f7      0xbce hpl/core/hpl_init.o
 .debug_info    0x00006ec5      0x72f hpl/gclk/hpl_gclk.o
 .debug_info    0x000075f4      0xa55 hpl/mclk/hpl_mclk.o
 .debug_info    0x00008049      0x819 hpl/osc32kctrl/hpl_osc32kctrl.o
 .debug_info    0x00008862     0x1ae8 hpl/oscctrl/hpl_oscctrl.o
 .debug_info    0x0000a34a      0xc15 hpl/ramecc/hpl_ramecc.o
 .debug_info    0x0000af5f     0x8a22 hpl/usb/hpl_usb.o
 .debug_info    0x00013981     0x1770 usb/class/cdc/device/cdcdf_acm.o
 .debug_info    0x000150f1     0x14b6 usb/class/hid/device/hiddf_keyboard.o
 .debug_info    0x000165a7     0x1507 usb/class/hid/device/hiddf_mouse.o
 .debug_info    0x00017aae     0x246c usb/device/usbdc.o
 .debug_info    0x00019f1a      0xed2 usb/usb_protocol.o
 .debug_info    0x0001adec      0xaf4 usb_composite_main.o
 .debug_info    0x0001b8e0     0x1d53 usb_start.o

.debug_abbrev   0x00000000     0x38d3
 .debug_abbrev  0x00000000      0x1b4 atmel_start.o
 .debug_abbrev  0x000001b4      0x171 Device_Startup/startup_same54.o
 .debug_abbrev  0x00000325      0x2bc driver_init.o
 .debug_abbrev  0x000005e1      0x155 hal/src/hal_atomic.o
 .debug_abbrev  0x00000736      0x4a4 hal/src/hal_usb_device.o
 .debug_abbrev  0x00000bda       0x9e hal/utils/src/utils_assert.o
 .debug_abbrev  0x00000c78      0x18d hal/utils/src/utils_list.o
 .debug_abbrev  0x00000e05      0x1dd hpl/core/hpl_init.o
 .debug_abbrev  0x00000fe2      0x1c9 hpl/gclk/hpl_gclk.o
 .debug_abbrev  0x000011ab      0x1bd hpl/mclk/hpl_mclk.o
 .debug_abbrev  0x00001368      0x1fc hpl/osc32kctrl/hpl_osc32kctrl.o
 .debug_abbrev  0x00001564      0x29b hpl/oscctrl/hpl_oscctrl.o
 .debug_abbrev  0x000017ff      0x2c8 hpl/ramecc/hpl_ramecc.o
 .debug_abbrev  0x00001ac7      0x5d9 hpl/usb/hpl_usb.o
 .debug_abbrev  0x000020a0      0x41b usb/class/cdc/device/cdcdf_acm.o
 .debug_abbrev  0x000024bb      0x3ca usb/class/hid/device/hiddf_keyboard.o
 .debug_abbrev  0x00002885      0x396 usb/class/hid/device/hiddf_mouse.o
 .debug_abbrev  0x00002c1b      0x436 usb/device/usbdc.o
 .debug_abbrev  0x00003051      0x2bf usb/usb_protocol.o
 .debug_abbrev  0x00003310      0x1f8 usb_composite_main.o
 .debug_abbrev  0x00003508      0x3cb usb_start.o

.debug_loc      0x00000000     0xa5d4
 .debug_loc     0x00000000       0x20 atmel_start.o
 .debug_loc     0x00000020       0x6b Device_Startup/startup_same54.o
 .debug_loc     0x0000008b      0xa03 driver_init.o
 .debug_loc     0x00000a8e       0x13 hal/src/hal_atomic.o
 .debug_loc     0x00000aa1     0x1214 hal/src/hal_usb_device.o
 .debug_loc     0x00001cb5      0x29f hal/utils/src/utils_list.o
 .debug_loc     0x00001f54       0x4c hpl/core/hpl_init.o
 .debug_loc     0x00001fa0      0x23a hpl/gclk/hpl_gclk.o
 .debug_loc     0x000021da       0x2c hpl/mclk/hpl_mclk.o
 .debug_loc     0x00002206      0x11b hpl/osc32kctrl/hpl_osc32kctrl.o
 .debug_loc     0x00002321      0x246 hpl/oscctrl/hpl_oscctrl.o
 .debug_loc     0x00002567      0x130 hpl/ramecc/hpl_ramecc.o
 .debug_loc     0x00002697     0x47dd hpl/usb/hpl_usb.o
 .debug_loc     0x00006e74      0x9c9 usb/class/cdc/device/cdcdf_acm.o
 .debug_loc     0x0000783d      0x711 usb/class/hid/device/hiddf_keyboard.o
 .debug_loc     0x00007f4e      0x7b1 usb/class/hid/device/hiddf_mouse.o
 .debug_loc     0x000086ff     0x1382 usb/device/usbdc.o
 .debug_loc     0x00009a81      0x567 usb/usb_protocol.o
 .debug_loc     0x00009fe8       0x20 usb_composite_main.o
 .debug_loc     0x0000a008      0x5cc usb_start.o

.debug_aranges  0x00000000      0x708
 .debug_aranges
                0x00000000       0x20 atmel_start.o
 .debug_aranges
                0x00000020       0x28 Device_Startup/startup_same54.o
 .debug_aranges
                0x00000048       0x38 driver_init.o
 .debug_aranges
                0x00000080       0x30 hal/src/hal_atomic.o
 .debug_aranges
                0x000000b0      0x100 hal/src/hal_usb_device.o
 .debug_aranges
                0x000001b0       0x20 hal/utils/src/utils_assert.o
 .debug_aranges
                0x000001d0       0x48 hal/utils/src/utils_list.o
 .debug_aranges
                0x00000218       0x20 hpl/core/hpl_init.o
 .debug_aranges
                0x00000238       0x28 hpl/gclk/hpl_gclk.o
 .debug_aranges
                0x00000260       0x20 hpl/mclk/hpl_mclk.o
 .debug_aranges
                0x00000280       0x20 hpl/osc32kctrl/hpl_osc32kctrl.o
 .debug_aranges
                0x000002a0       0x28 hpl/oscctrl/hpl_oscctrl.o
 .debug_aranges
                0x000002c8       0x30 hpl/ramecc/hpl_ramecc.o
 .debug_aranges
                0x000002f8      0x148 hpl/usb/hpl_usb.o
 .debug_aranges
                0x00000440       0x70 usb/class/cdc/device/cdcdf_acm.o
 .debug_aranges
                0x000004b0       0x50 usb/class/hid/device/hiddf_keyboard.o
 .debug_aranges
                0x00000500       0x58 usb/class/hid/device/hiddf_mouse.o
 .debug_aranges
                0x00000558       0xe0 usb/device/usbdc.o
 .debug_aranges
                0x00000638       0x48 usb/usb_protocol.o
 .debug_aranges
                0x00000680       0x20 usb_composite_main.o
 .debug_aranges
                0x000006a0       0x68 usb_start.o

.debug_ranges   0x00000000      0xad0
 .debug_ranges  0x00000000       0x10 atmel_start.o
 .debug_ranges  0x00000010       0x18 Device_Startup/startup_same54.o
 .debug_ranges  0x00000028       0x28 driver_init.o
 .debug_ranges  0x00000050       0x20 hal/src/hal_atomic.o
 .debug_ranges  0x00000070      0x130 hal/src/hal_usb_device.o
 .debug_ranges  0x000001a0       0x10 hal/utils/src/utils_assert.o
 .debug_ranges  0x000001b0       0x58 hal/utils/src/utils_list.o
 .debug_ranges  0x00000208       0x10 hpl/core/hpl_init.o
 .debug_ranges  0x00000218       0x18 hpl/gclk/hpl_gclk.o
 .debug_ranges  0x00000230       0x10 hpl/mclk/hpl_mclk.o
 .debug_ranges  0x00000240       0x10 hpl/osc32kctrl/hpl_osc32kctrl.o
 .debug_ranges  0x00000250       0x18 hpl/oscctrl/hpl_oscctrl.o
 .debug_ranges  0x00000268       0x38 hpl/ramecc/hpl_ramecc.o
 .debug_ranges  0x000002a0      0x3f0 hpl/usb/hpl_usb.o
 .debug_ranges  0x00000690       0xa8 usb/class/cdc/device/cdcdf_acm.o
 .debug_ranges  0x00000738       0x70 usb/class/hid/device/hiddf_keyboard.o
 .debug_ranges  0x000007a8       0x78 usb/class/hid/device/hiddf_mouse.o
 .debug_ranges  0x00000820      0x1b0 usb/device/usbdc.o
 .debug_ranges  0x000009d0       0x98 usb/usb_protocol.o
 .debug_ranges  0x00000a68       0x10 usb_composite_main.o
 .debug_ranges  0x00000a78       0x58 usb_start.o

.debug_macro    0x00000000    0x34733
 .debug_macro   0x00000000      0x8e6 atmel_start.o
 .debug_macro   0x000008e6      0x8b0 atmel_start.o
 .debug_macro   0x00001196      0x16d atmel_start.o
 .debug_macro   0x00001303       0x22 atmel_start.o
 .debug_macro   0x00001325       0x87 atmel_start.o
 .debug_macro   0x000013ac       0x51 atmel_start.o
 .debug_macro   0x000013fd       0xef atmel_start.o
 .debug_macro   0x000014ec       0x6a atmel_start.o
 .debug_macro   0x00001556      0x1df atmel_start.o
 .debug_macro   0x00001735       0x22 atmel_start.o
 .debug_macro   0x00001757       0x54 atmel_start.o
 .debug_macro   0x000017ab       0x28 atmel_start.o
 .debug_macro   0x000017d3       0xaf atmel_start.o
 .debug_macro   0x00001882      0xfe7 atmel_start.o
 .debug_macro   0x00002869      0x706 atmel_start.o
 .debug_macro   0x00002f6f      0xb5b atmel_start.o
 .debug_macro   0x00003aca      0x3c0 atmel_start.o
 .debug_macro   0x00003e8a     0x2d61 atmel_start.o
 .debug_macro   0x00006beb      0x336 atmel_start.o
 .debug_macro   0x00006f21      0x3b7 atmel_start.o
 .debug_macro   0x000072d8      0x668 atmel_start.o
 .debug_macro   0x00007940     0x143f atmel_start.o
 .debug_macro   0x00008d7f      0x6ad atmel_start.o
 .debug_macro   0x0000942c      0x67b atmel_start.o
 .debug_macro   0x00009aa7      0x6d7 atmel_start.o
 .debug_macro   0x0000a17e      0x172 atmel_start.o
 .debug_macro   0x0000a2f0      0x395 atmel_start.o
 .debug_macro   0x0000a685     0x19dd atmel_start.o
 .debug_macro   0x0000c062       0x3a atmel_start.o
 .debug_macro   0x0000c09c      0x72a atmel_start.o
 .debug_macro   0x0000c7c6      0xb12 atmel_start.o
 .debug_macro   0x0000d2d8      0x5d7 atmel_start.o
 .debug_macro   0x0000d8af      0xc22 atmel_start.o
 .debug_macro   0x0000e4d1      0x9b9 atmel_start.o
 .debug_macro   0x0000ee8a      0x2a3 atmel_start.o
 .debug_macro   0x0000f12d      0x8cb atmel_start.o
 .debug_macro   0x0000f9f8      0x1ea atmel_start.o
 .debug_macro   0x0000fbe2      0x8f4 atmel_start.o
 .debug_macro   0x000104d6      0x216 atmel_start.o
 .debug_macro   0x000106ec      0x3f9 atmel_start.o
 .debug_macro   0x00010ae5      0x620 atmel_start.o
 .debug_macro   0x00011105      0x10d atmel_start.o
 .debug_macro   0x00011212       0xb8 atmel_start.o
 .debug_macro   0x000112ca     0x1df7 atmel_start.o
 .debug_macro   0x000130c1     0x2e69 atmel_start.o
 .debug_macro   0x00015f2a     0x11ed atmel_start.o
 .debug_macro   0x00017117      0x752 atmel_start.o
 .debug_macro   0x00017869      0x930 atmel_start.o
 .debug_macro   0x00018199     0x1ad8 atmel_start.o
 .debug_macro   0x00019c71       0xe7 atmel_start.o
 .debug_macro   0x00019d58     0x13e6 atmel_start.o
 .debug_macro   0x0001b13e      0x36a atmel_start.o
 .debug_macro   0x0001b4a8       0x94 atmel_start.o
 .debug_macro   0x0001b53c       0xdc atmel_start.o
 .debug_macro   0x0001b618       0xe2 atmel_start.o
 .debug_macro   0x0001b6fa       0xdc atmel_start.o
 .debug_macro   0x0001b7d6      0x149 atmel_start.o
 .debug_macro   0x0001b91f      0x149 atmel_start.o
 .debug_macro   0x0001ba68       0x46 atmel_start.o
 .debug_macro   0x0001baae       0x4c atmel_start.o
 .debug_macro   0x0001bafa       0xc4 atmel_start.o
 .debug_macro   0x0001bbbe      0x7d5 atmel_start.o
 .debug_macro   0x0001c393       0xc4 atmel_start.o
 .debug_macro   0x0001c457       0x7c atmel_start.o
 .debug_macro   0x0001c4d3      0xc20 atmel_start.o
 .debug_macro   0x0001d0f3       0x46 atmel_start.o
 .debug_macro   0x0001d139      0x25b atmel_start.o
 .debug_macro   0x0001d394      0x31a atmel_start.o
 .debug_macro   0x0001d6ae      0x170 atmel_start.o
 .debug_macro   0x0001d81e       0x7c atmel_start.o
 .debug_macro   0x0001d89a       0xbe atmel_start.o
 .debug_macro   0x0001d958       0x4c atmel_start.o
 .debug_macro   0x0001d9a4       0x82 atmel_start.o
 .debug_macro   0x0001da26      0x1a3 atmel_start.o
 .debug_macro   0x0001dbc9       0x46 atmel_start.o
 .debug_macro   0x0001dc0f       0x6a atmel_start.o
 .debug_macro   0x0001dc79       0x46 atmel_start.o
 .debug_macro   0x0001dcbf       0x88 atmel_start.o
 .debug_macro   0x0001dd47       0x46 atmel_start.o
 .debug_macro   0x0001dd8d      0x24e atmel_start.o
 .debug_macro   0x0001dfdb       0x1c atmel_start.o
 .debug_macro   0x0001dff7       0x76 atmel_start.o
 .debug_macro   0x0001e06d       0x3a atmel_start.o
 .debug_macro   0x0001e0a7       0x2e atmel_start.o
 .debug_macro   0x0001e0d5      0x196 atmel_start.o
 .debug_macro   0x0001e26b      0x16f atmel_start.o
 .debug_macro   0x0001e3da      0x16f atmel_start.o
 .debug_macro   0x0001e549      0x25d atmel_start.o
 .debug_macro   0x0001e7a6      0x25d atmel_start.o
 .debug_macro   0x0001ea03      0x25d atmel_start.o
 .debug_macro   0x0001ec60      0x25d atmel_start.o
 .debug_macro   0x0001eebd      0x25d atmel_start.o
 .debug_macro   0x0001f11a      0x25d atmel_start.o
 .debug_macro   0x0001f377      0x25d atmel_start.o
 .debug_macro   0x0001f5d4      0x25d atmel_start.o
 .debug_macro   0x0001f831       0x58 atmel_start.o
 .debug_macro   0x0001f889       0xfa atmel_start.o
 .debug_macro   0x0001f983       0xfa atmel_start.o
 .debug_macro   0x0001fa7d       0xfa atmel_start.o
 .debug_macro   0x0001fb77       0xfa atmel_start.o
 .debug_macro   0x0001fc71       0xfa atmel_start.o
 .debug_macro   0x0001fd6b       0xfa atmel_start.o
 .debug_macro   0x0001fe65       0xfa atmel_start.o
 .debug_macro   0x0001ff5f       0xfa atmel_start.o
 .debug_macro   0x00020059      0x148 atmel_start.o
 .debug_macro   0x000201a1      0x124 atmel_start.o
 .debug_macro   0x000202c5      0x106 atmel_start.o
 .debug_macro   0x000203cb       0xee atmel_start.o
 .debug_macro   0x000204b9       0xee atmel_start.o
 .debug_macro   0x000205a7       0x2e atmel_start.o
 .debug_macro   0x000205d5      0x46a atmel_start.o
 .debug_macro   0x00020a3f       0x3a atmel_start.o
 .debug_macro   0x00020a79      0x59f atmel_start.o
 .debug_macro   0x00021018     0x4ff3 atmel_start.o
 .debug_macro   0x0002600b       0xcf atmel_start.o
 .debug_macro   0x000260da       0x10 atmel_start.o
 .debug_macro   0x000260ea       0x10 atmel_start.o
 .debug_macro   0x000260fa       0x16 atmel_start.o
 .debug_macro   0x00026110       0x16 atmel_start.o
 .debug_macro   0x00026126       0x16 atmel_start.o
 .debug_macro   0x0002613c       0x16 atmel_start.o
 .debug_macro   0x00026152       0x16 atmel_start.o
 .debug_macro   0x00026168       0x16 atmel_start.o
 .debug_macro   0x0002617e       0x40 atmel_start.o
 .debug_macro   0x000261be       0x16 atmel_start.o
 .debug_macro   0x000261d4       0x16 atmel_start.o
 .debug_macro   0x000261ea       0x16 atmel_start.o
 .debug_macro   0x00026200       0x16 atmel_start.o
 .debug_macro   0x00026216       0x16 atmel_start.o
 .debug_macro   0x0002622c       0x16 atmel_start.o
 .debug_macro   0x00026242       0x16 atmel_start.o
 .debug_macro   0x00026258       0x16 atmel_start.o
 .debug_macro   0x0002626e       0x16 atmel_start.o
 .debug_macro   0x00026284       0x16 atmel_start.o
 .debug_macro   0x0002629a       0x16 atmel_start.o
 .debug_macro   0x000262b0       0x16 atmel_start.o
 .debug_macro   0x000262c6       0x16 atmel_start.o
 .debug_macro   0x000262dc       0x16 atmel_start.o
 .debug_macro   0x000262f2       0x16 atmel_start.o
 .debug_macro   0x00026308       0x16 atmel_start.o
 .debug_macro   0x0002631e       0x16 atmel_start.o
 .debug_macro   0x00026334       0x16 atmel_start.o
 .debug_macro   0x0002634a       0x16 atmel_start.o
 .debug_macro   0x00026360       0x16 atmel_start.o
 .debug_macro   0x00026376       0x16 atmel_start.o
 .debug_macro   0x0002638c      0xe5c atmel_start.o
 .debug_macro   0x000271e8      0x9b6 atmel_start.o
 .debug_macro   0x00027b9e       0x94 atmel_start.o
 .debug_macro   0x00027c32       0x16 atmel_start.o
 .debug_macro   0x00027c48       0xbe atmel_start.o
 .debug_macro   0x00027d06      0x28c atmel_start.o
 .debug_macro   0x00027f92       0x16 atmel_start.o
 .debug_macro   0x00027fa8      0x4d8 atmel_start.o
 .debug_macro   0x00028480       0x16 atmel_start.o
 .debug_macro   0x00028496       0xca atmel_start.o
 .debug_macro   0x00028560       0x1c atmel_start.o
 .debug_macro   0x0002857c       0x16 atmel_start.o
 .debug_macro   0x00028592      0x185 atmel_start.o
 .debug_macro   0x00028717       0x76 atmel_start.o
 .debug_macro   0x0002878d       0xc9 atmel_start.o
 .debug_macro   0x00028856       0xcb atmel_start.o
 .debug_macro   0x00028921       0xee atmel_start.o
 .debug_macro   0x00028a0f       0x58 atmel_start.o
 .debug_macro   0x00028a67       0x35 atmel_start.o
 .debug_macro   0x00028a9c       0x9c atmel_start.o
 .debug_macro   0x00028b38       0x58 atmel_start.o
 .debug_macro   0x00028b90       0x1f atmel_start.o
 .debug_macro   0x00028baf       0x43 atmel_start.o
 .debug_macro   0x00028bf2       0x20 atmel_start.o
 .debug_macro   0x00028c12      0x187 atmel_start.o
 .debug_macro   0x00028d99      0x353 atmel_start.o
 .debug_macro   0x000290ec       0x10 atmel_start.o
 .debug_macro   0x000290fc       0x35 atmel_start.o
 .debug_macro   0x00029131       0x76 atmel_start.o
 .debug_macro   0x000291a7      0x11b atmel_start.o
 .debug_macro   0x000292c2      0x31c atmel_start.o
 .debug_macro   0x000295de      0x256 atmel_start.o
 .debug_macro   0x00029834      0x5a5 atmel_start.o
 .debug_macro   0x00029dd9       0x89 atmel_start.o
 .debug_macro   0x00029e62      0x21a atmel_start.o
 .debug_macro   0x0002a07c       0xd0 atmel_start.o
 .debug_macro   0x0002a14c       0xf1 atmel_start.o
 .debug_macro   0x0002a23d      0x492 Device_Startup/startup_same54.o
 .debug_macro   0x0002a6cf       0x4e Device_Startup/startup_same54.o
 .debug_macro   0x0002a71d      0x762 driver_init.o
 .debug_macro   0x0002ae7f       0x1c driver_init.o
 .debug_macro   0x0002ae9b      0x678 hal/src/hal_atomic.o
 .debug_macro   0x0002b513      0x772 hal/src/hal_usb_device.o
 .debug_macro   0x0002bc85      0x682 hal/utils/src/utils_assert.o
 .debug_macro   0x0002c307       0x10 hal/utils/src/utils_assert.o
 .debug_macro   0x0002c317      0x687 hal/utils/src/utils_list.o
 .debug_macro   0x0002c99e      0x71b hpl/core/hpl_init.o
 .debug_macro   0x0002d0b9       0x2e hpl/core/hpl_init.o
 .debug_macro   0x0002d0e7      0xd7b hpl/core/hpl_init.o
 .debug_macro   0x0002de62      0x691 hpl/gclk/hpl_gclk.o
 .debug_macro   0x0002e4f3      0x2f0 hpl/gclk/hpl_gclk.o
 .debug_macro   0x0002e7e3      0x68c hpl/mclk/hpl_mclk.o
 .debug_macro   0x0002ee6f      0x687 hpl/osc32kctrl/hpl_osc32kctrl.o
 .debug_macro   0x0002f4f6       0x80 hpl/osc32kctrl/hpl_osc32kctrl.o
 .debug_macro   0x0002f576      0x691 hpl/oscctrl/hpl_oscctrl.o
 .debug_macro   0x0002fc07      0x216 hpl/oscctrl/hpl_oscctrl.o
 .debug_macro   0x0002fe1d      0x6a2 hpl/ramecc/hpl_ramecc.o
 .debug_macro   0x000304bf      0x8fd hpl/usb/hpl_usb.o
 .debug_macro   0x00030dbc      0x7da usb/class/cdc/device/cdcdf_acm.o
 .debug_macro   0x00031596       0xd1 usb/class/cdc/device/cdcdf_acm.o
 .debug_macro   0x00031667      0x7d4 usb/class/hid/device/hiddf_keyboard.o
 .debug_macro   0x00031e3b      0x7d4 usb/class/hid/device/hiddf_mouse.o
 .debug_macro   0x0003260f      0x7b9 usb/device/usbdc.o
 .debug_macro   0x00032dc8      0x782 usb/usb_protocol.o
 .debug_macro   0x0003354a      0x8fe usb_composite_main.o
 .debug_macro   0x00033e48      0x8eb usb_start.o

.debug_line     0x00000000    0x128ec
 .debug_line    0x00000000      0xf9f atmel_start.o
 .debug_line    0x00000f9f      0x872 Device_Startup/startup_same54.o
 .debug_line    0x00001811      0xe15 driver_init.o
 .debug_line    0x00002626      0xc10 hal/src/hal_atomic.o
 .debug_line    0x00003236      0xfb2 hal/src/hal_usb_device.o
 .debug_line    0x000041e8      0xbe6 hal/utils/src/utils_assert.o
 .debug_line    0x00004dce      0xc79 hal/utils/src/utils_list.o
 .debug_line    0x00005a47      0xcf4 hpl/core/hpl_init.o
 .debug_line    0x0000673b      0xc63 hpl/gclk/hpl_gclk.o
 .debug_line    0x0000739e      0xc09 hpl/mclk/hpl_mclk.o
 .debug_line    0x00007fa7      0xc2a hpl/osc32kctrl/hpl_osc32kctrl.o
 .debug_line    0x00008bd1      0xd58 hpl/oscctrl/hpl_oscctrl.o
 .debug_line    0x00009929      0xcac hpl/ramecc/hpl_ramecc.o
 .debug_line    0x0000a5d5     0x17d5 hpl/usb/hpl_usb.o
 .debug_line    0x0000bdaa      0xf08 usb/class/cdc/device/cdcdf_acm.o
 .debug_line    0x0000ccb2      0xeae usb/class/hid/device/hiddf_keyboard.o
 .debug_line    0x0000db60      0xe95 usb/class/hid/device/hiddf_mouse.o
 .debug_line    0x0000e9f5     0x1074 usb/device/usbdc.o
 .debug_line    0x0000fa69      0xe21 usb/usb_protocol.o
 .debug_line    0x0001088a      0xf9e usb_composite_main.o
 .debug_line    0x00011828     0x10c4 usb_start.o

.debug_str      0x00000000   0x11c95a
 .debug_str     0x00000000   0x111c09 atmel_start.o
                             0x112145 (size before relaxing)
 .debug_str     0x00111c09      0xc00 Device_Startup/startup_same54.o
                              0xf13c7 (size before relaxing)
 .debug_str     0x00112809      0x9cf driver_init.o
                             0x109778 (size before relaxing)
 .debug_str     0x001131d8       0xb7 hal/src/hal_atomic.o
                             0x106d7a (size before relaxing)
 .debug_str     0x0011328f      0x885 hal/src/hal_usb_device.o
                             0x10af7d (size before relaxing)
 .debug_str     0x00113b14       0x31 hal/utils/src/utils_assert.o
                             0x106d8a (size before relaxing)
 .debug_str     0x00113b45       0x9c hal/utils/src/utils_list.o
                             0x106e34 (size before relaxing)
 .debug_str     0x00113be1     0x311b hpl/core/hpl_init.o
                             0x10afe5 (size before relaxing)
 .debug_str     0x00116cfc      0xbf4 hpl/gclk/hpl_gclk.o
                             0x107ab5 (size before relaxing)
 .debug_str     0x001178f0       0x47 hpl/mclk/hpl_mclk.o
                             0x1071a8 (size before relaxing)
 .debug_str     0x00117937      0x518 hpl/osc32kctrl/hpl_osc32kctrl.o
                             0x10729a (size before relaxing)
 .debug_str     0x00117e4f      0xd33 hpl/oscctrl/hpl_oscctrl.o
                             0x1087b5 (size before relaxing)
 .debug_str     0x00118b82      0x9e0 hpl/ramecc/hpl_ramecc.o
                             0x107cc0 (size before relaxing)
 .debug_str     0x00119562     0x1d80 hpl/usb/hpl_usb.o
                             0x10d616 (size before relaxing)
 .debug_str     0x0011b2e2      0x77f usb/class/cdc/device/cdcdf_acm.o
                             0x10e122 (size before relaxing)
 .debug_str     0x0011ba61      0x28c usb/class/hid/device/hiddf_keyboard.o
                             0x10e3f7 (size before relaxing)
 .debug_str     0x0011bced      0x299 usb/class/hid/device/hiddf_mouse.o
                             0x10e464 (size before relaxing)
 .debug_str     0x0011bf86      0x50c usb/device/usbdc.o
                             0x10d78b (size before relaxing)
 .debug_str     0x0011c492       0xe4 usb/usb_protocol.o
                             0x10afa3 (size before relaxing)
 .debug_str     0x0011c576      0x19c usb_composite_main.o
                             0x112356 (size before relaxing)
 .debug_str     0x0011c712      0x248 usb_start.o
                             0x112af6 (size before relaxing)

.debug_frame    0x00000000     0x1194
 .debug_frame   0x00000000       0x28 atmel_start.o
 .debug_frame   0x00000028       0x38 Device_Startup/startup_same54.o
 .debug_frame   0x00000060       0x60 driver_init.o
 .debug_frame   0x000000c0       0x40 hal/src/hal_atomic.o
 .debug_frame   0x00000100      0x318 hal/src/hal_usb_device.o
 .debug_frame   0x00000418       0x20 hal/utils/src/utils_assert.o
 .debug_frame   0x00000438       0x9c hal/utils/src/utils_list.o
 .debug_frame   0x000004d4       0x28 hpl/core/hpl_init.o
 .debug_frame   0x000004fc       0x30 hpl/gclk/hpl_gclk.o
 .debug_frame   0x0000052c       0x20 hpl/mclk/hpl_mclk.o
 .debug_frame   0x0000054c       0x20 hpl/osc32kctrl/hpl_osc32kctrl.o
 .debug_frame   0x0000056c       0x30 hpl/oscctrl/hpl_oscctrl.o
 .debug_frame   0x0000059c       0x4c hpl/ramecc/hpl_ramecc.o
 .debug_frame   0x000005e8      0x3e0 hpl/usb/hpl_usb.o
 .debug_frame   0x000009c8      0x138 usb/class/cdc/device/cdcdf_acm.o
 .debug_frame   0x00000b00       0xbc usb/class/hid/device/hiddf_keyboard.o
 .debug_frame   0x00000bbc       0xc8 usb/class/hid/device/hiddf_mouse.o
 .debug_frame   0x00000c84      0x28c usb/device/usbdc.o
 .debug_frame   0x00000f10       0xd0 usb/usb_protocol.o
 .debug_frame   0x00000fe0       0x28 usb_composite_main.o
 .debug_frame   0x00001008      0x118 usb_start.o
 .debug_frame   0x00001120       0x2c c:/program files (x86)/atmel/studio/7.0/toolchain/arm/arm-gnu-toolchain/bin/../lib/gcc/arm-none-eabi/6.3.1/../../../../arm-none-eabi/lib/thumb/v7e-m\libc_nano.a(lib_a-init.o)
 .debug_frame   0x0000114c       0x28 c:/program files (x86)/atmel/studio/7.0/toolchain/arm/arm-gnu-toolchain/bin/../lib/gcc/arm-none-eabi/6.3.1/../../../../arm-none-eabi/lib/thumb/v7e-m\libc_nano.a(lib_a-memcpy-stub.o)
 .debug_frame   0x00001174       0x20 c:/program files (x86)/atmel/studio/7.0/toolchain/arm/arm-gnu-toolchain/bin/../lib/gcc/arm-none-eabi/6.3.1/../../../../arm-none-eabi/lib/thumb/v7e-m\libc_nano.a(lib_a-memset.o)
